stm32l0xx_hal_msp.c:66:6:HAL_MspInit	8	static
stm32l0xx_hal_msp.c:88:6:HAL_ADC_MspInit	56	static
stm32l0xx_hal_msp.c:135:6:HAL_ADC_MspDeInit	16	static
stm32l0xx_hal_msp.c:173:6:HAL_I2C_MspInit	56	static
stm32l0xx_hal_msp.c:233:6:HAL_I2C_MspDeInit	16	static
stm32l0xx_hal_msp.c:284:6:HAL_TIM_PWM_MspInit	16	static
stm32l0xx_hal_msp.c:322:6:HAL_TIM_MspPostInit	64	static
stm32l0xx_hal_msp.c:415:6:HAL_TIM_PWM_MspDeInit	16	static
stm32l0xx_hal_msp.c:459:6:HAL_UART_MspInit	48	static
stm32l0xx_hal_msp.c:495:6:HAL_UART_MspDeInit	16	static
